---
source: crates/djls-templates/src/parser.rs
expression: nodelist
---
nodes:
  - Text:
      content: "<!DOCTYPE html>"
      span:
        start: 0
        length: 15
line_offsets:
  - 0
