---
source: crates/djls-templates/src/parser.rs
expression: nodelist
---
nodes:
  - Text:
      content: "<style>body { color: blue;"
      span:
        start: 0
        length: 26
line_offsets:
  - 0
