---
source: crates/djls-templates/src/parser.rs
expression: nodelist
---
nodes:
  - Tag:
      name: for
      bits:
        - item
        - in
        - items
      span:
        start: 0
        length: 17
  - Tag:
      name: if
      bits:
        - item.active
      span:
        start: 23
        length: 14
  - Variable:
      var: item.name
      filters: []
      span:
        start: 43
        length: 9
  - Tag:
      name: endif
      bits: []
      span:
        start: 58
        length: 5
  - Tag:
      name: endfor
      bits: []
      span:
        start: 69
        length: 6
line_offsets:
  - 0
