---
source: crates/djls-templates/src/parser.rs
expression: nodelist
---
nodes:
  - Tag:
      name: if
      bits:
        - user.is_authenticated
      span:
        start: 0
        length: 24
  - Text:
      content: Welcome
      span:
        start: 30
        length: 7
  - Tag:
      name: endif
      bits: []
      span:
        start: 37
        length: 5
line_offsets:
  - 0
