---
source: crates/djls-templates/src/parser.rs
expression: nodelist
---
nodes:
  - Text:
      content: "<script type=\"text/javascript\">"
      span:
        start: 0
        length: 31
  - Text:
      content: // Single line comment
      span:
        start: 36
        length: 22
  - Text:
      content: const x = 1;
      span:
        start: 63
        length: 12
  - Text:
      content: "/* Multi-line\n        comment */"
      span:
        start: 80
        length: 32
  - Text:
      content: console.log(x);
      span:
        start: 117
        length: 15
  - Text:
      content: "</script>"
      span:
        start: 133
        length: 9
line_offsets:
  - 0
  - 32
  - 59
  - 76
  - 113
  - 133
