---
source: crates/djls-templates/src/parser.rs
expression: nodelist
---
nodes:
  - Text:
      content: hello
      span:
        start: 5
        length: 5
line_offsets:
  - 0
