---
source: crates/djls-templates/src/parser.rs
expression: nodelist
---
nodes:
  - Variable:
      var: user.name
      filters:
        - title
      span:
        start: 0
        length: 15
line_offsets:
  - 0
