---
source: crates/djls-templates/src/parser.rs
expression: nodelist
---
nodes:
  - Variable:
      var: value
      filters:
        - "default:'nothing'"
        - title
        - upper
      span:
        start: 0
        length: 35
line_offsets:
  - 0
