---
source: crates/djls-templates/src/parser.rs
expression: nodelist
---
nodes:
  - Tag:
      name: if
      bits:
        - x
        - ">"
        - "0"
      span:
        start: 0
        length: 8
  - Text:
      content: Positive
      span:
        start: 14
        length: 8
  - Tag:
      name: elif
      bits:
        - x
        - "<"
        - "0"
      span:
        start: 22
        length: 10
  - Text:
      content: Negative
      span:
        start: 38
        length: 8
  - Tag:
      name: else
      bits: []
      span:
        start: 46
        length: 4
  - Text:
      content: Zero
      span:
        start: 56
        length: 4
  - Tag:
      name: endif
      bits: []
      span:
        start: 60
        length: 5
line_offsets:
  - 0
