---
source: crates/djls-templates/src/parser.rs
expression: nodelist
---
nodes:
  - Tag:
      name: for
      bits:
        - item
        - in
        - items
      span:
        start: 0
        length: 17
  - Variable:
      var: item.name
      filters: []
      span:
        start: 23
        length: 9
line_offsets:
  - 0
